===== ANALYST ling3 2026-09-03 16:00:35 UTC =====
[91m[1mError: [0m{
  "name": "UnknownError",
  "data": {
    "message": "Unexpected server error. Check server logs for details.",
    "ref": "err_9d5b4716"
  }
}
===== ANALYST ling3 2026-09-03 19:14:36 UTC =====
[91m[1mError: [0m{
  "name": "UnknownError",
  "data": {
    "message": "Unexpected server error. Check server logs for details.",
    "ref": "err_25c0ae88"
  }
}
===== ANALYST ling3 2026-09-03 21:51:49 UTC =====
[91m[1mError: [0m{
  "name": "UnknownError",
  "data": {
    "message": "Unexpected server error. Check server logs for details.",
    "ref": "err_05154d2a"
  }
}
===== ANALYST ling3 2026-09-03 23:56:35 UTC =====
[91m[1mError: [0m{
  "name": "UnknownError",
  "data": {
    "message": "Unexpected server error. Check server logs for details.",
    "ref": "err_eb0922a9"
  }
}
===== ANALYST ling3 2026-09-04 02:52:37 UTC =====
[91m[1mError: [0m{
  "name": "UnknownError",
  "data": {
    "message": "Unexpected server error. Check server logs for details.",
    "ref": "err_0eb46e21"
  }
}
===== ANALYST ling3 2026-09-04 07:31:16 UTC =====
[91m[1mError: [0m{
  "name": "UnknownError",
  "data": {
    "message": "Unexpected server error. Check server logs for details.",
    "ref": "err_7d9abe8b"
  }
}
===== ANALYST ling3 2026-09-04 12:23:16 UTC =====
[91m[1mError: [0m{
  "name": "UnknownError",
  "data": {
    "message": "Unexpected server error. Check server logs for details.",
    "ref": "err_1523325b"
  }
}
===== ANALYST ling3 2026-09-04 16:46:06 UTC =====
[91m[1mError: [0m{
  "name": "UnknownError",
  "data": {
    "message": "Unexpected server error. Check server logs for details.",
    "ref": "err_d24c09f7"
  }
}
===== ANALYST ling3 2026-09-04 19:18:44 UTC =====
[91m[1mError: [0m{
  "name": "UnknownError",
  "data": {
    "message": "Unexpected server error. Check server logs for details.",
    "ref": "err_6a54ff79"
  }
}
===== ANALYST ling3 2026-09-04 21:36:21 UTC =====
[91m[1mError: [0m{
  "name": "UnknownError",
  "data": {
    "message": "Unexpected server error. Check server logs for details.",
    "ref": "err_33d10efb"
  }
}
===== ANALYST ling3 2026-09-04 23:22:47 UTC =====
[91m[1mError: [0m{
  "name": "UnknownError",
  "data": {
    "message": "Unexpected server error. Check server logs for details.",
    "ref": "err_435c93f4"
  }
}
===== ANALYST ling3 2026-09-05 01:08:45 UTC =====
[91m[1mError: [0m{
  "name": "UnknownError",
  "data": {
    "message": "Unexpected server error. Check server logs for details.",
    "ref": "err_4a7113ce"
  }
}
===== ANALYST ling3 2026-09-05 05:51:00 UTC =====
[91m[1mError: [0m{
  "name": "UnknownError",
  "data": {
    "message": "Unexpected server error. Check server logs for details.",
    "ref": "err_5ddc716b"
  }
}
===== ANALYST ling3 2026-09-05 09:54:40 UTC =====
[91m[1mError: [0m{
  "name": "UnknownError",
  "data": {
    "message": "Unexpected server error. Check server logs for details.",
    "ref": "err_d7827481"
  }
}
===== ANALYST ling3 2026-09-05 13:15:34 UTC =====
[91m[1mError: [0m{
  "name": "UnknownError",
  "data": {
    "message": "Unexpected server error. Check server logs for details.",
    "ref": "err_ccb535b5"
  }
}
===== ANALYST ling3 2026-09-05 16:21:14 UTC =====
[91m[1mError: [0m{
  "name": "UnknownError",
  "data": {
    "message": "Unexpected server error. Check server logs for details.",
    "ref": "err_12432144"
  }
}
===== ANALYST ling3 2026-09-05 18:29:35 UTC =====
[91m[1mError: [0m{
  "name": "UnknownError",
  "data": {
    "message": "Unexpected server error. Check server logs for details.",
    "ref": "err_3ccbca67"
  }
}
===== ANALYST ling3 2026-09-05 20:47:37 UTC =====
[91m[1mError: [0m{
  "name": "UnknownError",
  "data": {
    "message": "Unexpected server error. Check server logs for details.",
    "ref": "err_df047229"
  }
}
===== ANALYST ling3 2026-09-05 22:39:50 UTC =====
[91m[1mError: [0m{
  "name": "UnknownError",
  "data": {
    "message": "Unexpected server error. Check server logs for details.",
    "ref": "err_6ce085d5"
  }
}
===== ANALYST ling3 2026-09-06 00:14:25 UTC =====
[91m[1mError: [0m{
  "name": "UnknownError",
  "data": {
    "message": "Unexpected server error. Check server logs for details.",
    "ref": "err_1ea97a9f"
  }
}
===== ANALYST ling3 2026-09-06 04:51:16 UTC =====
[91m[1mError: [0m{
  "name": "UnknownError",
  "data": {
    "message": "Unexpected server error. Check server logs for details.",
    "ref": "err_30dd5b7a"
  }
}
===== ANALYST ling3 2026-09-06 09:18:46 UTC =====
[91m[1mError: [0m{
  "name": "UnknownError",
  "data": {
    "message": "Unexpected server error. Check server logs for details.",
    "ref": "err_534a7d98"
  }
}
===== ANALYST ling3 2026-09-06 13:08:42 UTC =====
[91m[1mError: [0m{
  "name": "UnknownError",
  "data": {
    "message": "Unexpected server error. Check server logs for details.",
    "ref": "err_021e6e61"
  }
}
===== ANALYST ling3 2026-09-06 16:17:41 UTC =====
[91m[1mError: [0m{
  "name": "UnknownError",
  "data": {
    "message": "Unexpected server error. Check server logs for details.",
    "ref": "err_523eae63"
  }
}
===== ANALYST ling3 2026-09-06 18:17:45 UTC =====
[91m[1mError: [0m{
  "name": "UnknownError",
  "data": {
    "message": "Unexpected server error. Check server logs for details.",
    "ref": "err_cba93882"
  }
}
===== ANALYST ling3 2026-09-06 20:31:31 UTC =====
[91m[1mError: [0m{
  "name": "UnknownError",
  "data": {
    "message": "Unexpected server error. Check server logs for details.",
    "ref": "err_bd1fa4a8"
  }
}
===== ANALYST ling3 2026-09-06 22:24:45 UTC =====
[91m[1mError: [0m{
  "name": "UnknownError",
  "data": {
    "message": "Unexpected server error. Check server logs for details.",
    "ref": "err_26c9a7b0"
  }
}
===== ANALYST ling3 2026-09-07 00:05:49 UTC =====
[91m[1mError: [0m{
  "name": "UnknownError",
  "data": {
    "message": "Unexpected server error. Check server logs for details.",
    "ref": "err_70311e34"
  }
}
===== ANALYST ling3 2026-09-07 04:53:24 UTC =====
[91m[1mError: [0m{
  "name": "UnknownError",
  "data": {
    "message": "Unexpected server error. Check server logs for details.",
    "ref": "err_434a92fb"
  }
}
===== ANALYST ling3 2026-09-07 09:58:10 UTC =====
[91m[1mError: [0m{
  "name": "UnknownError",
  "data": {
    "message": "Unexpected server error. Check server logs for details.",
    "ref": "err_88060f1a"
  }
}
===== ANALYST ling3 2026-09-07 15:37:20 UTC =====
[91m[1mError: [0m{
  "name": "UnknownError",
  "data": {
    "message": "Unexpected server error. Check server logs for details.",
    "ref": "err_f03f1e91"
  }
}
===== ANALYST ling3 2026-09-07 19:30:25 UTC =====
[91m[1mError: [0m{
  "name": "UnknownError",
  "data": {
    "message": "Unexpected server error. Check server logs for details.",
    "ref": "err_eb65958d"
  }
}
===== ANALYST ling3 2026-09-07 22:18:09 UTC =====
[91m[1mError: [0m{
  "name": "UnknownError",
  "data": {
    "message": "Unexpected server error. Check server logs for details.",
    "ref": "err_5fa44757"
  }
}
===== ANALYST ling3 2026-09-08 00:30:39 UTC =====
[91m[1mError: [0m{
  "name": "UnknownError",
  "data": {
    "message": "Unexpected server error. Check server logs for details.",
    "ref": "err_861e31d7"
  }
}
===== ANALYST ling3 2026-09-08 05:20:34 UTC =====
[91m[1mError: [0m{
  "name": "UnknownError",
  "data": {
    "message": "Unexpected server error. Check server logs for details.",
    "ref": "err_6191802c"
  }
}
===== ANALYST ling3 2026-09-08 09:49:56 UTC =====
[91m[1mError: [0m{
  "name": "UnknownError",
  "data": {
    "message": "Unexpected server error. Check server logs for details.",
    "ref": "err_62e96d06"
  }
}
===== ANALYST ling3 2026-09-08 14:23:25 UTC =====
[91m[1mError: [0m{
  "name": "UnknownError",
  "data": {
    "message": "Unexpected server error. Check server logs for details.",
    "ref": "err_504e09ef"
  }
}
===== ANALYST ling3 2026-09-08 18:06:10 UTC =====
[91m[1mError: [0m{
  "name": "UnknownError",
  "data": {
    "message": "Unexpected server error. Check server logs for details.",
    "ref": "err_cb18b7b4"
  }
}
===== ANALYST ling3 2026-09-08 20:50:47 UTC =====
[91m[1mError: [0m{
  "name": "UnknownError",
  "data": {
    "message": "Unexpected server error. Check server logs for details.",
    "ref": "err_d1af545a"
  }
}
===== ANALYST ling3 2026-09-08 23:09:41 UTC =====
[91m[1mError: [0m{
  "name": "UnknownError",
  "data": {
    "message": "Unexpected server error. Check server logs for details.",
    "ref": "err_2acddbe6"
  }
}
===== ANALYST ling3 2026-09-09 01:19:06 UTC =====
[91m[1mError: [0m{
  "name": "UnknownError",
  "data": {
    "message": "Unexpected server error. Check server logs for details.",
    "ref": "err_3c892d3f"
  }
}
===== ANALYST ling3 2026-09-09 06:08:09 UTC =====
[91m[1mError: [0m{
  "name": "UnknownError",
  "data": {
    "message": "Unexpected server error. Check server logs for details.",
    "ref": "err_9fad996d"
  }
}
===== ANALYST ling3 2026-09-09 11:31:53 UTC =====
[91m[1mError: [0m{
  "name": "UnknownError",
  "data": {
    "message": "Unexpected server error. Check server logs for details.",
    "ref": "err_74565233"
  }
}
===== ANALYST ling3 2026-09-09 15:24:32 UTC =====
[91m[1mError: [0m{
  "name": "UnknownError",
  "data": {
    "message": "Unexpected server error. Check server logs for details.",
    "ref": "err_d610f3ea"
  }
}
===== ANALYST ling3 2026-09-09 18:42:18 UTC =====
[91m[1mError: [0m{
  "name": "UnknownError",
  "data": {
    "message": "Unexpected server error. Check server logs for details.",
    "ref": "err_31e0b96d"
  }
}
===== ANALYST ling3 2026-09-09 21:30:13 UTC =====
[91m[1mError: [0m{
  "name": "UnknownError",
  "data": {
    "message": "Unexpected server error. Check server logs for details.",
    "ref": "err_048d08ad"
  }
}
===== ANALYST ling3 2026-09-09 23:32:53 UTC =====
[91m[1mError: [0m{
  "name": "UnknownError",
  "data": {
    "message": "Unexpected server error. Check server logs for details.",
    "ref": "err_9997a155"
  }
}
===== ANALYST ling3 2026-09-10 01:29:35 UTC =====
[91m[1mError: [0m{
  "name": "UnknownError",
  "data": {
    "message": "Unexpected server error. Check server logs for details.",
    "ref": "err_c5b8bf0e"
  }
}
===== ANALYST ling3 2026-09-10 06:43:28 UTC =====
[91m[1mError: [0m{
  "name": "UnknownError",
  "data": {
    "message": "Unexpected server error. Check server logs for details.",
    "ref": "err_9d33a66f"
  }
}
===== ANALYST ling3 2026-09-10 11:53:52 UTC =====
[91m[1mError: [0m{
  "name": "UnknownError",
  "data": {
    "message": "Unexpected server error. Check server logs for details.",
    "ref": "err_abe01adf"
  }
}
===== ANALYST ling3 2026-09-10 15:47:53 UTC =====
[91m[1mError: [0m{
  "name": "UnknownError",
  "data": {
    "message": "Unexpected server error. Check server logs for details.",
    "ref": "err_f018f23d"
  }
}
===== ANALYST ling3 2026-09-10 18:56:14 UTC =====
[91m[1mError: [0m{
  "name": "UnknownError",
  "data": {
    "message": "Unexpected server error. Check server logs for details.",
    "ref": "err_0a447b19"
  }
}
===== ANALYST ling3 2026-09-10 21:23:12 UTC =====
[91m[1mError: [0m{
  "name": "UnknownError",
  "data": {
    "message": "Unexpected server error. Check server logs for details.",
    "ref": "err_16e385d5"
  }
}
===== ANALYST ling3 2026-09-10 23:24:34 UTC =====
[91m[1mError: [0m{
  "name": "UnknownError",
  "data": {
    "message": "Unexpected server error. Check server logs for details.",
    "ref": "err_61feca9e"
  }
}
===== ANALYST ling3 2026-09-11 01:28:08 UTC =====
[91m[1mError: [0m{
  "name": "UnknownError",
  "data": {
    "message": "Unexpected server error. Check server logs for details.",
    "ref": "err_43a1061c"
  }
}
===== ANALYST ling3 2026-09-11 06:40:00 UTC =====
[91m[1mError: [0m{
  "name": "UnknownError",
  "data": {
    "message": "Unexpected server error. Check server logs for details.",
    "ref": "err_dc804e12"
  }
}
===== ANALYST ling3 2026-09-11 11:48:23 UTC =====
[91m[1mError: [0m{
  "name": "UnknownError",
  "data": {
    "message": "Unexpected server error. Check server logs for details.",
    "ref": "err_699c21f1"
  }
}
===== ANALYST ling3 2026-09-11 15:53:35 UTC =====
[91m[1mError: [0m{
  "name": "UnknownError",
  "data": {
    "message": "Unexpected server error. Check server logs for details.",
    "ref": "err_3986f648"
  }
}
===== ANALYST ling3 2026-09-11 19:00:55 UTC =====
[91m[1mError: [0m{
  "name": "UnknownError",
  "data": {
    "message": "Unexpected server error. Check server logs for details.",
    "ref": "err_b1e3842f"
  }
}
===== ANALYST ling3 2026-09-11 21:42:39 UTC =====
[91m[1mError: [0m{
  "name": "UnknownError",
  "data": {
    "message": "Unexpected server error. Check server logs for details.",
    "ref": "err_fa84de90"
  }
}
===== ANALYST ling3 2026-09-11 23:32:58 UTC =====
[91m[1mError: [0m{
  "name": "UnknownError",
  "data": {
    "message": "Unexpected server error. Check server logs for details.",
    "ref": "err_44f28d86"
  }
}
===== ANALYST ling3 2026-09-12 01:33:52 UTC =====
[91m[1mError: [0m{
  "name": "UnknownError",
  "data": {
    "message": "Unexpected server error. Check server logs for details.",
    "ref": "err_fe122fc9"
  }
}
===== ANALYST ling3 2026-09-12 06:29:20 UTC =====
[91m[1mError: [0m{
  "name": "UnknownError",
  "data": {
    "message": "Unexpected server error. Check server logs for details.",
    "ref": "err_4eb5dd70"
  }
}
===== ANALYST ling3 2026-09-12 11:15:13 UTC =====
[91m[1mError: [0m{
  "name": "UnknownError",
  "data": {
    "message": "Unexpected server error. Check server logs for details.",
    "ref": "err_747134bf"
  }
}
===== ANALYST ling3 2026-09-12 14:14:08 UTC =====
[91m[1mError: [0m{
  "name": "UnknownError",
  "data": {
    "message": "Unexpected server error. Check server logs for details.",
    "ref": "err_f3a5d405"
  }
}
===== ANALYST ling3 2026-09-12 17:17:24 UTC =====
[91m[1mError: [0m{
  "name": "UnknownError",
  "data": {
    "message": "Unexpected server error. Check server logs for details.",
    "ref": "err_3aab60c3"
  }
}
===== ANALYST ling3 2026-09-12 19:27:47 UTC =====
[91m[1mError: [0m{
  "name": "UnknownError",
  "data": {
    "message": "Unexpected server error. Check server logs for details.",
    "ref": "err_3b81d5ce"
  }
}
===== ANALYST ling3 2026-09-12 21:42:39 UTC =====
[91m[1mError: [0m{
  "name": "UnknownError",
  "data": {
    "message": "Unexpected server error. Check server logs for details.",
    "ref": "err_3db6b5ac"
  }
}
===== ANALYST ling3 2026-09-12 23:21:02 UTC =====
[91m[1mError: [0m{
  "name": "UnknownError",
  "data": {
    "message": "Unexpected server error. Check server logs for details.",
    "ref": "err_88f8dc22"
  }
}
===== ANALYST ling3 2026-09-13 01:11:55 UTC =====
[91m[1mError: [0m{
  "name": "UnknownError",
  "data": {
    "message": "Unexpected server error. Check server logs for details.",
    "ref": "err_d8ae1c3b"
  }
}
===== ANALYST ling3 2026-09-13 06:17:14 UTC =====
[91m[1mError: [0m{
  "name": "UnknownError",
  "data": {
    "message": "Unexpected server error. Check server logs for details.",
    "ref": "err_3e181ccd"
  }
}
===== ANALYST ling3 2026-09-13 12:14:13 UTC =====
[91m[1mError: [0m{
  "name": "UnknownError",
  "data": {
    "message": "Unexpected server error. Check server logs for details.",
    "ref": "err_56c92a5a"
  }
}
===== ANALYST ling3 2026-09-13 16:09:00 UTC =====
[91m[1mError: [0m{
  "name": "UnknownError",
  "data": {
    "message": "Unexpected server error. Check server logs for details.",
    "ref": "err_cd62802d"
  }
}
===== ANALYST ling3 2026-09-13 18:35:13 UTC =====
[91m[1mError: [0m{
  "name": "UnknownError",
  "data": {
    "message": "Unexpected server error. Check server logs for details.",
    "ref": "err_7938ab35"
  }
}
===== ANALYST ling3 2026-09-13 21:09:58 UTC =====
[91m[1mError: [0m{
  "name": "UnknownError",
  "data": {
    "message": "Unexpected server error. Check server logs for details.",
    "ref": "err_88e22472"
  }
}
===== ANALYST ling3 2026-09-13 23:14:00 UTC =====
[91m[1mError: [0m{
  "name": "UnknownError",
  "data": {
    "message": "Unexpected server error. Check server logs for details.",
    "ref": "err_9a0cbfbe"
  }
}
===== ANALYST ling3 2026-09-14 01:15:10 UTC =====
[91m[1mError: [0m{
  "name": "UnknownError",
  "data": {
    "message": "Unexpected server error. Check server logs for details.",
    "ref": "err_c6e884ca"
  }
}
===== ANALYST ling3 2026-09-14 06:27:01 UTC =====
[91m[1mError: [0m{
  "name": "UnknownError",
  "data": {
    "message": "Unexpected server error. Check server logs for details.",
    "ref": "err_1bab1c57"
  }
}
===== ANALYST ling3 2026-09-14 13:25:03 UTC =====
[91m[1mError: [0m{
  "name": "UnknownError",
  "data": {
    "message": "Unexpected server error. Check server logs for details.",
    "ref": "err_d9711bf1"
  }
}
===== ANALYST ling3 2026-09-14 18:47:54 UTC =====
[91m[1mError: [0m{
  "name": "UnknownError",
  "data": {
    "message": "Unexpected server error. Check server logs for details.",
    "ref": "err_fabd97ac"
  }
}
===== ANALYST ling3 2026-09-14 22:17:12 UTC =====
[91m[1mError: [0m{
  "name": "UnknownError",
  "data": {
    "message": "Unexpected server error. Check server logs for details.",
    "ref": "err_da77d05b"
  }
}
===== ANALYST ling3 2026-09-15 00:50:37 UTC =====
[91m[1mError: [0m{
  "name": "UnknownError",
  "data": {
    "message": "Unexpected server error. Check server logs for details.",
    "ref": "err_e3239168"
  }
}
===== ANALYST ling3 2026-09-15 05:45:47 UTC =====
[91m[1mError: [0m{
  "name": "UnknownError",
  "data": {
    "message": "Unexpected server error. Check server logs for details.",
    "ref": "err_17eff712"
  }
}
===== ANALYST ling3 2026-09-15 11:14:15 UTC =====
[91m[1mError: [0m{
  "name": "UnknownError",
  "data": {
    "message": "Unexpected server error. Check server logs for details.",
    "ref": "err_041e79ba"
  }
}
===== ANALYST ling3 2026-09-15 15:28:00 UTC =====
[91m[1mError: [0m{
  "name": "UnknownError",
  "data": {
    "message": "Unexpected server error. Check server logs for details.",
    "ref": "err_4877b6f0"
  }
}
===== ANALYST ling3 2026-09-15 19:26:09 UTC =====
[91m[1mError: [0m{
  "name": "UnknownError",
  "data": {
    "message": "Unexpected server error. Check server logs for details.",
    "ref": "err_529643f3"
  }
}
===== ANALYST ling3 2026-09-15 22:25:29 UTC =====
[91m[1mError: [0m{
  "name": "UnknownError",
  "data": {
    "message": "Unexpected server error. Check server logs for details.",
    "ref": "err_d4a691d1"
  }
}
===== ANALYST ling3 2026-09-16 00:29:45 UTC =====
[91m[1mError: [0m{
  "name": "UnknownError",
  "data": {
    "message": "Unexpected server error. Check server logs for details.",
    "ref": "err_2b97ebd2"
  }
}
===== ANALYST ling3 2026-09-16 05:14:15 UTC =====
[91m[1mError: [0m{
  "name": "UnknownError",
  "data": {
    "message": "Unexpected server error. Check server logs for details.",
    "ref": "err_89feb0a3"
  }
}
===== ANALYST ling3 2026-09-16 10:05:44 UTC =====
[91m[1mError: [0m{
  "name": "UnknownError",
  "data": {
    "message": "Unexpected server error. Check server logs for details.",
    "ref": "err_c856c4db"
  }
}
===== ANALYST ling3 2026-09-16 14:49:10 UTC =====
[91m[1mError: [0m{
  "name": "UnknownError",
  "data": {
    "message": "Unexpected server error. Check server logs for details.",
    "ref": "err_f40cb022"
  }
}
===== ANALYST ling3 2026-09-16 18:57:23 UTC =====
[91m[1mError: [0m{
  "name": "UnknownError",
  "data": {
    "message": "Unexpected server error. Check server logs for details.",
    "ref": "err_7af7a844"
  }
}
===== ANALYST ling3 2026-09-16 21:42:55 UTC =====
[91m[1mError: [0m{
  "name": "UnknownError",
  "data": {
    "message": "Unexpected server error. Check server logs for details.",
    "ref": "err_bddd9b89"
  }
}
===== ANALYST ling3 2026-09-17 00:02:45 UTC =====
[91m[1mError: [0m{
  "name": "UnknownError",
  "data": {
    "message": "Unexpected server error. Check server logs for details.",
    "ref": "err_835ba13a"
  }
}
===== ANALYST ling3 2026-09-17 04:58:16 UTC =====
[91m[1mError: [0m{
  "name": "UnknownError",
  "data": {
    "message": "Unexpected server error. Check server logs for details.",
    "ref": "err_069b1902"
  }
}
===== ANALYST ling3 2026-09-17 09:52:58 UTC =====
[91m[1mError: [0m{
  "name": "UnknownError",
  "data": {
    "message": "Unexpected server error. Check server logs for details.",
    "ref": "err_a1887df1"
  }
}
===== ANALYST ling3 2026-09-17 14:38:29 UTC =====
[91m[1mError: [0m{
  "name": "UnknownError",
  "data": {
    "message": "Unexpected server error. Check server logs for details.",
    "ref": "err_ea0b3a60"
  }
}
===== ANALYST ling3 2026-09-17 18:33:36 UTC =====
[91m[1mError: [0m{
  "name": "UnknownError",
  "data": {
    "message": "Unexpected server error. Check server logs for details.",
    "ref": "err_874d92c6"
  }
}
===== ANALYST ling3 2026-09-17 21:43:34 UTC =====
[91m[1mError: [0m{
  "name": "UnknownError",
  "data": {
    "message": "Unexpected server error. Check server logs for details.",
    "ref": "err_6f9b7915"
  }
}
===== ANALYST ling3 2026-09-17 23:52:42 UTC =====
[91m[1mError: [0m{
  "name": "UnknownError",
  "data": {
    "message": "Unexpected server error. Check server logs for details.",
    "ref": "err_5837b83c"
  }
}
===== ANALYST ling3 2026-09-18 02:53:12 UTC =====
[91m[1mError: [0m{
  "name": "UnknownError",
  "data": {
    "message": "Unexpected server error. Check server logs for details.",
    "ref": "err_394a7f6d"
  }
}
===== ANALYST ling3 2026-09-18 07:57:40 UTC =====
[91m[1mError: [0m{
  "name": "UnknownError",
  "data": {
    "message": "Unexpected server error. Check server logs for details.",
    "ref": "err_b03de362"
  }
}
===== ANALYST ling3 2026-09-18 12:39:42 UTC =====
[91m[1mError: [0m{
  "name": "UnknownError",
  "data": {
    "message": "Unexpected server error. Check server logs for details.",
    "ref": "err_105ce466"
  }
}
===== ANALYST ling3 2026-09-18 16:45:19 UTC =====
[91m[1mError: [0m{
  "name": "UnknownError",
  "data": {
    "message": "Unexpected server error. Check server logs for details.",
    "ref": "err_754a52b3"
  }
}
===== ANALYST ling3 2026-09-18 19:30:44 UTC =====
[91m[1mError: [0m{
  "name": "UnknownError",
  "data": {
    "message": "Unexpected server error. Check server logs for details.",
    "ref": "err_9f7a0cf4"
  }
}
===== ANALYST ling3 2026-09-18 21:52:06 UTC =====
[91m[1mError: [0m{
  "name": "UnknownError",
  "data": {
    "message": "Unexpected server error. Check server logs for details.",
    "ref": "err_d7461d71"
  }
}
===== ANALYST ling3 2026-09-18 23:50:50 UTC =====
[91m[1mError: [0m{
  "name": "UnknownError",
  "data": {
    "message": "Unexpected server error. Check server logs for details.",
    "ref": "err_daf24fa0"
  }
}
===== ANALYST ling3 2026-09-19 02:52:46 UTC =====
[91m[1mError: [0m{
  "name": "UnknownError",
  "data": {
    "message": "Unexpected server error. Check server logs for details.",
    "ref": "err_6c130a9a"
  }
}
