===== ANALYST laguna 2026-09-03 16:00:35 UTC =====
[91m[1mError: [0m{
  "name": "UnknownError",
  "data": {
    "message": "Unexpected server error. Check server logs for details.",
    "ref": "err_6080bc75"
  }
}
===== ANALYST laguna 2026-09-03 19:14:36 UTC =====
[91m[1mError: [0m{
  "name": "UnknownError",
  "data": {
    "message": "Unexpected server error. Check server logs for details.",
    "ref": "err_ac970c1c"
  }
}
===== ANALYST laguna 2026-09-03 21:51:49 UTC =====
[91m[1mError: [0m{
  "name": "UnknownError",
  "data": {
    "message": "Unexpected server error. Check server logs for details.",
    "ref": "err_36c56506"
  }
}
===== ANALYST laguna 2026-09-03 23:56:35 UTC =====
[91m[1mError: [0m{
  "name": "UnknownError",
  "data": {
    "message": "Unexpected server error. Check server logs for details.",
    "ref": "err_e6c3b3a5"
  }
}
===== ANALYST laguna 2026-09-04 02:52:37 UTC =====
[91m[1mError: [0m{
  "name": "UnknownError",
  "data": {
    "message": "Unexpected server error. Check server logs for details.",
    "ref": "err_bacef0fb"
  }
}
===== ANALYST laguna 2026-09-04 07:31:16 UTC =====
[91m[1mError: [0m{
  "name": "UnknownError",
  "data": {
    "message": "Unexpected server error. Check server logs for details.",
    "ref": "err_774fd9b5"
  }
}
===== ANALYST laguna 2026-09-04 12:23:16 UTC =====
[91m[1mError: [0m{
  "name": "UnknownError",
  "data": {
    "message": "Unexpected server error. Check server logs for details.",
    "ref": "err_7b40d0d7"
  }
}
===== ANALYST laguna 2026-09-04 16:46:06 UTC =====
[91m[1mError: [0m{
  "name": "UnknownError",
  "data": {
    "message": "Unexpected server error. Check server logs for details.",
    "ref": "err_5d327ec7"
  }
}
===== ANALYST laguna 2026-09-04 19:18:44 UTC =====
[91m[1mError: [0m{
  "name": "UnknownError",
  "data": {
    "message": "Unexpected server error. Check server logs for details.",
    "ref": "err_9d8e5dab"
  }
}
===== ANALYST laguna 2026-09-04 21:36:21 UTC =====
[91m[1mError: [0m{
  "name": "UnknownError",
  "data": {
    "message": "Unexpected server error. Check server logs for details.",
    "ref": "err_6923f75f"
  }
}
===== ANALYST laguna 2026-09-04 23:22:47 UTC =====
[91m[1mError: [0m{
  "name": "UnknownError",
  "data": {
    "message": "Unexpected server error. Check server logs for details.",
    "ref": "err_b64afb4e"
  }
}
===== ANALYST laguna 2026-09-05 01:08:45 UTC =====
[91m[1mError: [0m{
  "name": "UnknownError",
  "data": {
    "message": "Unexpected server error. Check server logs for details.",
    "ref": "err_3a247db1"
  }
}
===== ANALYST laguna 2026-09-05 05:51:00 UTC =====
[91m[1mError: [0m{
  "name": "UnknownError",
  "data": {
    "message": "Unexpected server error. Check server logs for details.",
    "ref": "err_af405636"
  }
}
===== ANALYST laguna 2026-09-05 09:54:40 UTC =====
[91m[1mError: [0m{
  "name": "UnknownError",
  "data": {
    "message": "Unexpected server error. Check server logs for details.",
    "ref": "err_b0631a60"
  }
}
===== ANALYST laguna 2026-09-05 13:15:34 UTC =====
[91m[1mError: [0m{
  "name": "UnknownError",
  "data": {
    "message": "Unexpected server error. Check server logs for details.",
    "ref": "err_a1f46226"
  }
}
===== ANALYST laguna 2026-09-05 16:21:14 UTC =====
[91m[1mError: [0m{
  "name": "UnknownError",
  "data": {
    "message": "Unexpected server error. Check server logs for details.",
    "ref": "err_21f362ba"
  }
}
===== ANALYST laguna 2026-09-05 18:29:35 UTC =====
[91m[1mError: [0m{
  "name": "UnknownError",
  "data": {
    "message": "Unexpected server error. Check server logs for details.",
    "ref": "err_03579bdd"
  }
}
===== ANALYST laguna 2026-09-05 20:47:37 UTC =====
[91m[1mError: [0m{
  "name": "UnknownError",
  "data": {
    "message": "Unexpected server error. Check server logs for details.",
    "ref": "err_bbbf15bc"
  }
}
===== ANALYST laguna 2026-09-05 22:39:50 UTC =====
[91m[1mError: [0m{
  "name": "UnknownError",
  "data": {
    "message": "Unexpected server error. Check server logs for details.",
    "ref": "err_79e29e03"
  }
}
===== ANALYST laguna 2026-09-06 00:14:25 UTC =====
[91m[1mError: [0m{
  "name": "UnknownError",
  "data": {
    "message": "Unexpected server error. Check server logs for details.",
    "ref": "err_1ab69f8a"
  }
}
===== ANALYST laguna 2026-09-06 04:51:16 UTC =====
[91m[1mError: [0m{
  "name": "UnknownError",
  "data": {
    "message": "Unexpected server error. Check server logs for details.",
    "ref": "err_3bb6d525"
  }
}
===== ANALYST laguna 2026-09-06 09:18:46 UTC =====
[91m[1mError: [0m{
  "name": "UnknownError",
  "data": {
    "message": "Unexpected server error. Check server logs for details.",
    "ref": "err_e7ec2a5f"
  }
}
===== ANALYST laguna 2026-09-06 13:08:42 UTC =====
[91m[1mError: [0m{
  "name": "UnknownError",
  "data": {
    "message": "Unexpected server error. Check server logs for details.",
    "ref": "err_136b26d8"
  }
}
===== ANALYST laguna 2026-09-06 16:17:41 UTC =====
[91m[1mError: [0m{
  "name": "UnknownError",
  "data": {
    "message": "Unexpected server error. Check server logs for details.",
    "ref": "err_f04dcc58"
  }
}
===== ANALYST laguna 2026-09-06 18:17:45 UTC =====
[91m[1mError: [0m{
  "name": "UnknownError",
  "data": {
    "message": "Unexpected server error. Check server logs for details.",
    "ref": "err_8a807371"
  }
}
===== ANALYST laguna 2026-09-06 20:31:31 UTC =====
[91m[1mError: [0m{
  "name": "UnknownError",
  "data": {
    "message": "Unexpected server error. Check server logs for details.",
    "ref": "err_59ce2724"
  }
}
===== ANALYST laguna 2026-09-06 22:24:45 UTC =====
[91m[1mError: [0m{
  "name": "UnknownError",
  "data": {
    "message": "Unexpected server error. Check server logs for details.",
    "ref": "err_6b7a16dd"
  }
}
===== ANALYST laguna 2026-09-07 00:05:49 UTC =====
[91m[1mError: [0m{
  "name": "UnknownError",
  "data": {
    "message": "Unexpected server error. Check server logs for details.",
    "ref": "err_d42d22a2"
  }
}
===== ANALYST laguna 2026-09-07 04:53:24 UTC =====
[91m[1mError: [0m{
  "name": "UnknownError",
  "data": {
    "message": "Unexpected server error. Check server logs for details.",
    "ref": "err_7526a6ef"
  }
}
===== ANALYST laguna 2026-09-07 09:58:10 UTC =====
[91m[1mError: [0m{
  "name": "UnknownError",
  "data": {
    "message": "Unexpected server error. Check server logs for details.",
    "ref": "err_d3801c81"
  }
}
===== ANALYST laguna 2026-09-07 15:37:20 UTC =====
[91m[1mError: [0m{
  "name": "UnknownError",
  "data": {
    "message": "Unexpected server error. Check server logs for details.",
    "ref": "err_08bdde94"
  }
}
===== ANALYST laguna 2026-09-07 19:30:25 UTC =====
[91m[1mError: [0m{
  "name": "UnknownError",
  "data": {
    "message": "Unexpected server error. Check server logs for details.",
    "ref": "err_2bd49f5d"
  }
}
===== ANALYST laguna 2026-09-07 22:18:09 UTC =====
[91m[1mError: [0m{
  "name": "UnknownError",
  "data": {
    "message": "Unexpected server error. Check server logs for details.",
    "ref": "err_b86e8399"
  }
}
===== ANALYST laguna 2026-09-08 00:30:39 UTC =====
[91m[1mError: [0m{
  "name": "UnknownError",
  "data": {
    "message": "Unexpected server error. Check server logs for details.",
    "ref": "err_95a002ef"
  }
}
===== ANALYST laguna 2026-09-08 05:20:34 UTC =====
[91m[1mError: [0m{
  "name": "UnknownError",
  "data": {
    "message": "Unexpected server error. Check server logs for details.",
    "ref": "err_f92b4dbe"
  }
}
===== ANALYST laguna 2026-09-08 09:49:56 UTC =====
[91m[1mError: [0m{
  "name": "UnknownError",
  "data": {
    "message": "Unexpected server error. Check server logs for details.",
    "ref": "err_c0118e83"
  }
}
===== ANALYST laguna 2026-09-08 14:23:25 UTC =====
[91m[1mError: [0m{
  "name": "UnknownError",
  "data": {
    "message": "Unexpected server error. Check server logs for details.",
    "ref": "err_b4714b10"
  }
}
===== ANALYST laguna 2026-09-08 18:06:10 UTC =====
[91m[1mError: [0m{
  "name": "UnknownError",
  "data": {
    "message": "Unexpected server error. Check server logs for details.",
    "ref": "err_e2f3f8a1"
  }
}
===== ANALYST laguna 2026-09-08 20:50:47 UTC =====
[91m[1mError: [0m{
  "name": "UnknownError",
  "data": {
    "message": "Unexpected server error. Check server logs for details.",
    "ref": "err_f989c916"
  }
}
===== ANALYST laguna 2026-09-08 23:09:41 UTC =====
[91m[1mError: [0m{
  "name": "UnknownError",
  "data": {
    "message": "Unexpected server error. Check server logs for details.",
    "ref": "err_6df5757f"
  }
}
===== ANALYST laguna 2026-09-09 01:19:06 UTC =====
[91m[1mError: [0m{
  "name": "UnknownError",
  "data": {
    "message": "Unexpected server error. Check server logs for details.",
    "ref": "err_67fa3fdb"
  }
}
===== ANALYST laguna 2026-09-09 06:08:09 UTC =====
[91m[1mError: [0m{
  "name": "UnknownError",
  "data": {
    "message": "Unexpected server error. Check server logs for details.",
    "ref": "err_58773f9b"
  }
}
===== ANALYST laguna 2026-09-09 11:31:53 UTC =====
[91m[1mError: [0m{
  "name": "UnknownError",
  "data": {
    "message": "Unexpected server error. Check server logs for details.",
    "ref": "err_d465f5d8"
  }
}
===== ANALYST laguna 2026-09-09 15:24:32 UTC =====
[91m[1mError: [0m{
  "name": "UnknownError",
  "data": {
    "message": "Unexpected server error. Check server logs for details.",
    "ref": "err_8d59fe86"
  }
}
===== ANALYST laguna 2026-09-09 18:42:18 UTC =====
[91m[1mError: [0m{
  "name": "UnknownError",
  "data": {
    "message": "Unexpected server error. Check server logs for details.",
    "ref": "err_6d87ec93"
  }
}
===== ANALYST laguna 2026-09-09 21:30:13 UTC =====
[91m[1mError: [0m{
  "name": "UnknownError",
  "data": {
    "message": "Unexpected server error. Check server logs for details.",
    "ref": "err_fba95e90"
  }
}
===== ANALYST laguna 2026-09-09 23:32:53 UTC =====
[91m[1mError: [0m{
  "name": "UnknownError",
  "data": {
    "message": "Unexpected server error. Check server logs for details.",
    "ref": "err_39c479e5"
  }
}
===== ANALYST laguna 2026-09-10 01:29:35 UTC =====
[91m[1mError: [0m{
  "name": "UnknownError",
  "data": {
    "message": "Unexpected server error. Check server logs for details.",
    "ref": "err_c69b1087"
  }
}
===== ANALYST laguna 2026-09-10 06:43:28 UTC =====
[91m[1mError: [0m{
  "name": "UnknownError",
  "data": {
    "message": "Unexpected server error. Check server logs for details.",
    "ref": "err_ad36be4f"
  }
}
===== ANALYST laguna 2026-09-10 11:53:52 UTC =====
[91m[1mError: [0m{
  "name": "UnknownError",
  "data": {
    "message": "Unexpected server error. Check server logs for details.",
    "ref": "err_e6fae194"
  }
}
===== ANALYST laguna 2026-09-10 15:47:53 UTC =====
[91m[1mError: [0m{
  "name": "UnknownError",
  "data": {
    "message": "Unexpected server error. Check server logs for details.",
    "ref": "err_96f2b6b9"
  }
}
===== ANALYST laguna 2026-09-10 18:56:14 UTC =====
[91m[1mError: [0m{
  "name": "UnknownError",
  "data": {
    "message": "Unexpected server error. Check server logs for details.",
    "ref": "err_4904f68c"
  }
}
===== ANALYST laguna 2026-09-10 21:23:12 UTC =====
[91m[1mError: [0m{
  "name": "UnknownError",
  "data": {
    "message": "Unexpected server error. Check server logs for details.",
    "ref": "err_6768df64"
  }
}
===== ANALYST laguna 2026-09-10 23:24:34 UTC =====
[91m[1mError: [0m{
  "name": "UnknownError",
  "data": {
    "message": "Unexpected server error. Check server logs for details.",
    "ref": "err_04da64af"
  }
}
===== ANALYST laguna 2026-09-11 01:28:08 UTC =====
[91m[1mError: [0m{
  "name": "UnknownError",
  "data": {
    "message": "Unexpected server error. Check server logs for details.",
    "ref": "err_a99615d7"
  }
}
===== ANALYST laguna 2026-09-11 06:40:00 UTC =====
[91m[1mError: [0m{
  "name": "UnknownError",
  "data": {
    "message": "Unexpected server error. Check server logs for details.",
    "ref": "err_67bc4dac"
  }
}
===== ANALYST laguna 2026-09-11 11:48:23 UTC =====
[91m[1mError: [0m{
  "name": "UnknownError",
  "data": {
    "message": "Unexpected server error. Check server logs for details.",
    "ref": "err_ade70fbb"
  }
}
===== ANALYST laguna 2026-09-11 15:53:35 UTC =====
[91m[1mError: [0m{
  "name": "UnknownError",
  "data": {
    "message": "Unexpected server error. Check server logs for details.",
    "ref": "err_f50f1de2"
  }
}
===== ANALYST laguna 2026-09-11 19:00:55 UTC =====
[91m[1mError: [0m{
  "name": "UnknownError",
  "data": {
    "message": "Unexpected server error. Check server logs for details.",
    "ref": "err_7a3514a3"
  }
}
===== ANALYST laguna 2026-09-11 21:42:39 UTC =====
[91m[1mError: [0m{
  "name": "UnknownError",
  "data": {
    "message": "Unexpected server error. Check server logs for details.",
    "ref": "err_7105c644"
  }
}
===== ANALYST laguna 2026-09-11 23:32:58 UTC =====
[91m[1mError: [0m{
  "name": "UnknownError",
  "data": {
    "message": "Unexpected server error. Check server logs for details.",
    "ref": "err_36af5ff1"
  }
}
===== ANALYST laguna 2026-09-12 01:33:52 UTC =====
[91m[1mError: [0m{
  "name": "UnknownError",
  "data": {
    "message": "Unexpected server error. Check server logs for details.",
    "ref": "err_4b986abd"
  }
}
===== ANALYST laguna 2026-09-12 06:29:20 UTC =====
[91m[1mError: [0m{
  "name": "UnknownError",
  "data": {
    "message": "Unexpected server error. Check server logs for details.",
    "ref": "err_e6c2836f"
  }
}
===== ANALYST laguna 2026-09-12 11:15:13 UTC =====
[91m[1mError: [0m{
  "name": "UnknownError",
  "data": {
    "message": "Unexpected server error. Check server logs for details.",
    "ref": "err_d20bd347"
  }
}
===== ANALYST laguna 2026-09-12 14:14:08 UTC =====
[91m[1mError: [0m{
  "name": "UnknownError",
  "data": {
    "message": "Unexpected server error. Check server logs for details.",
    "ref": "err_4c7a5d79"
  }
}
