===== ANALYST longcat 2026-09-03 16:00:35 UTC =====
[91m[1mError: [0m{
  "name": "UnknownError",
  "data": {
    "message": "Unexpected server error. Check server logs for details.",
    "ref": "err_c637655e"
  }
}
===== ANALYST longcat 2026-09-03 19:14:36 UTC =====
[91m[1mError: [0m{
  "name": "UnknownError",
  "data": {
    "message": "Unexpected server error. Check server logs for details.",
    "ref": "err_e1f19c30"
  }
}
===== ANALYST longcat 2026-09-03 21:51:49 UTC =====
[91m[1mError: [0m{
  "name": "UnknownError",
  "data": {
    "message": "Unexpected server error. Check server logs for details.",
    "ref": "err_87b8a15d"
  }
}
===== ANALYST longcat 2026-09-03 23:56:35 UTC =====
[91m[1mError: [0m{
  "name": "UnknownError",
  "data": {
    "message": "Unexpected server error. Check server logs for details.",
    "ref": "err_090f910d"
  }
}
===== ANALYST longcat 2026-09-04 02:52:37 UTC =====
[91m[1mError: [0m{
  "name": "UnknownError",
  "data": {
    "message": "Unexpected server error. Check server logs for details.",
    "ref": "err_c6b0302e"
  }
}
===== ANALYST longcat 2026-09-04 07:31:16 UTC =====
[91m[1mError: [0m{
  "name": "UnknownError",
  "data": {
    "message": "Unexpected server error. Check server logs for details.",
    "ref": "err_5e6329c7"
  }
}
===== ANALYST longcat 2026-09-04 12:23:16 UTC =====
[91m[1mError: [0m{
  "name": "UnknownError",
  "data": {
    "message": "Unexpected server error. Check server logs for details.",
    "ref": "err_f49b4665"
  }
}
===== ANALYST longcat 2026-09-04 16:46:06 UTC =====
[91m[1mError: [0m{
  "name": "UnknownError",
  "data": {
    "message": "Unexpected server error. Check server logs for details.",
    "ref": "err_a62e885a"
  }
}
===== ANALYST longcat 2026-09-04 19:18:44 UTC =====
[91m[1mError: [0m{
  "name": "UnknownError",
  "data": {
    "message": "Unexpected server error. Check server logs for details.",
    "ref": "err_41dc52f6"
  }
}
===== ANALYST longcat 2026-09-04 21:36:21 UTC =====
[91m[1mError: [0m{
  "name": "UnknownError",
  "data": {
    "message": "Unexpected server error. Check server logs for details.",
    "ref": "err_35bf5b69"
  }
}
===== ANALYST longcat 2026-09-04 23:22:47 UTC =====
[91m[1mError: [0m{
  "name": "UnknownError",
  "data": {
    "message": "Unexpected server error. Check server logs for details.",
    "ref": "err_69f21fd4"
  }
}
===== ANALYST longcat 2026-09-05 01:08:45 UTC =====
[91m[1mError: [0m{
  "name": "UnknownError",
  "data": {
    "message": "Unexpected server error. Check server logs for details.",
    "ref": "err_3d612188"
  }
}
===== ANALYST longcat 2026-09-05 05:51:00 UTC =====
[91m[1mError: [0m{
  "name": "UnknownError",
  "data": {
    "message": "Unexpected server error. Check server logs for details.",
    "ref": "err_161c3028"
  }
}
===== ANALYST longcat 2026-09-05 09:54:40 UTC =====
[91m[1mError: [0m{
  "name": "UnknownError",
  "data": {
    "message": "Unexpected server error. Check server logs for details.",
    "ref": "err_b0f57b4b"
  }
}
===== ANALYST longcat 2026-09-05 13:15:34 UTC =====
[91m[1mError: [0m{
  "name": "UnknownError",
  "data": {
    "message": "Unexpected server error. Check server logs for details.",
    "ref": "err_d8085f79"
  }
}
===== ANALYST longcat 2026-09-05 16:21:14 UTC =====
[91m[1mError: [0m{
  "name": "UnknownError",
  "data": {
    "message": "Unexpected server error. Check server logs for details.",
    "ref": "err_5e41cbde"
  }
}
===== ANALYST longcat 2026-09-05 18:29:35 UTC =====
[91m[1mError: [0m{
  "name": "UnknownError",
  "data": {
    "message": "Unexpected server error. Check server logs for details.",
    "ref": "err_95478f6c"
  }
}
===== ANALYST longcat 2026-09-05 20:47:37 UTC =====
[91m[1mError: [0m{
  "name": "UnknownError",
  "data": {
    "message": "Unexpected server error. Check server logs for details.",
    "ref": "err_57f0c2f8"
  }
}
===== ANALYST longcat 2026-09-05 22:39:50 UTC =====
[91m[1mError: [0m{
  "name": "UnknownError",
  "data": {
    "message": "Unexpected server error. Check server logs for details.",
    "ref": "err_3c6649a7"
  }
}
===== ANALYST longcat 2026-09-06 00:14:25 UTC =====
[91m[1mError: [0m{
  "name": "UnknownError",
  "data": {
    "message": "Unexpected server error. Check server logs for details.",
    "ref": "err_9aa41f74"
  }
}
===== ANALYST longcat 2026-09-06 04:51:16 UTC =====
[91m[1mError: [0m{
  "name": "UnknownError",
  "data": {
    "message": "Unexpected server error. Check server logs for details.",
    "ref": "err_bbff60dc"
  }
}
===== ANALYST longcat 2026-09-06 09:18:46 UTC =====
[91m[1mError: [0m{
  "name": "UnknownError",
  "data": {
    "message": "Unexpected server error. Check server logs for details.",
    "ref": "err_e188b5c3"
  }
}
===== ANALYST longcat 2026-09-06 13:08:42 UTC =====
[91m[1mError: [0m{
  "name": "UnknownError",
  "data": {
    "message": "Unexpected server error. Check server logs for details.",
    "ref": "err_8b5d43f9"
  }
}
===== ANALYST longcat 2026-09-06 16:17:41 UTC =====
[91m[1mError: [0m{
  "name": "UnknownError",
  "data": {
    "message": "Unexpected server error. Check server logs for details.",
    "ref": "err_bf1922a8"
  }
}
===== ANALYST longcat 2026-09-06 18:17:45 UTC =====
[91m[1mError: [0m{
  "name": "UnknownError",
  "data": {
    "message": "Unexpected server error. Check server logs for details.",
    "ref": "err_372e347d"
  }
}
===== ANALYST longcat 2026-09-06 20:31:31 UTC =====
[91m[1mError: [0m{
  "name": "UnknownError",
  "data": {
    "message": "Unexpected server error. Check server logs for details.",
    "ref": "err_efd664ef"
  }
}
===== ANALYST longcat 2026-09-06 22:24:45 UTC =====
[91m[1mError: [0m{
  "name": "UnknownError",
  "data": {
    "message": "Unexpected server error. Check server logs for details.",
    "ref": "err_373f7b3a"
  }
}
===== ANALYST longcat 2026-09-07 00:05:49 UTC =====
[91m[1mError: [0m{
  "name": "UnknownError",
  "data": {
    "message": "Unexpected server error. Check server logs for details.",
    "ref": "err_43c6c0c1"
  }
}
===== ANALYST longcat 2026-09-07 04:53:24 UTC =====
[91m[1mError: [0m{
  "name": "UnknownError",
  "data": {
    "message": "Unexpected server error. Check server logs for details.",
    "ref": "err_f22b8340"
  }
}
===== ANALYST longcat 2026-09-07 09:58:10 UTC =====
[91m[1mError: [0m{
  "name": "UnknownError",
  "data": {
    "message": "Unexpected server error. Check server logs for details.",
    "ref": "err_ed40c6f5"
  }
}
===== ANALYST longcat 2026-09-07 15:37:20 UTC =====
[91m[1mError: [0m{
  "name": "UnknownError",
  "data": {
    "message": "Unexpected server error. Check server logs for details.",
    "ref": "err_9f7a5725"
  }
}
===== ANALYST longcat 2026-09-07 19:30:25 UTC =====
[91m[1mError: [0m{
  "name": "UnknownError",
  "data": {
    "message": "Unexpected server error. Check server logs for details.",
    "ref": "err_df13d615"
  }
}
===== ANALYST longcat 2026-09-07 22:18:09 UTC =====
[91m[1mError: [0m{
  "name": "UnknownError",
  "data": {
    "message": "Unexpected server error. Check server logs for details.",
    "ref": "err_a8b7616d"
  }
}
===== ANALYST longcat 2026-09-08 00:30:39 UTC =====
[91m[1mError: [0m{
  "name": "UnknownError",
  "data": {
    "message": "Unexpected server error. Check server logs for details.",
    "ref": "err_e197f298"
  }
}
===== ANALYST longcat 2026-09-08 05:20:34 UTC =====
[91m[1mError: [0m{
  "name": "UnknownError",
  "data": {
    "message": "Unexpected server error. Check server logs for details.",
    "ref": "err_e7cd13a7"
  }
}
===== ANALYST longcat 2026-09-08 09:49:56 UTC =====
[91m[1mError: [0m{
  "name": "UnknownError",
  "data": {
    "message": "Unexpected server error. Check server logs for details.",
    "ref": "err_b0d88684"
  }
}
===== ANALYST longcat 2026-09-08 14:23:25 UTC =====
[91m[1mError: [0m{
  "name": "UnknownError",
  "data": {
    "message": "Unexpected server error. Check server logs for details.",
    "ref": "err_f6ca5d30"
  }
}
===== ANALYST longcat 2026-09-08 18:06:10 UTC =====
[91m[1mError: [0m{
  "name": "UnknownError",
  "data": {
    "message": "Unexpected server error. Check server logs for details.",
    "ref": "err_4ce0b611"
  }
}
===== ANALYST longcat 2026-09-08 20:50:47 UTC =====
[91m[1mError: [0m{
  "name": "UnknownError",
  "data": {
    "message": "Unexpected server error. Check server logs for details.",
    "ref": "err_086b2a76"
  }
}
===== ANALYST longcat 2026-09-08 23:09:41 UTC =====
[91m[1mError: [0m{
  "name": "UnknownError",
  "data": {
    "message": "Unexpected server error. Check server logs for details.",
    "ref": "err_0d5ecf68"
  }
}
===== ANALYST longcat 2026-09-09 01:19:06 UTC =====
[91m[1mError: [0m{
  "name": "UnknownError",
  "data": {
    "message": "Unexpected server error. Check server logs for details.",
    "ref": "err_d2d12a15"
  }
}
===== ANALYST longcat 2026-09-09 06:08:09 UTC =====
[91m[1mError: [0m{
  "name": "UnknownError",
  "data": {
    "message": "Unexpected server error. Check server logs for details.",
    "ref": "err_cef6bc8d"
  }
}
===== ANALYST longcat 2026-09-09 11:31:53 UTC =====
[91m[1mError: [0m{
  "name": "UnknownError",
  "data": {
    "message": "Unexpected server error. Check server logs for details.",
    "ref": "err_c1666187"
  }
}
===== ANALYST longcat 2026-09-09 15:24:32 UTC =====
[91m[1mError: [0m{
  "name": "UnknownError",
  "data": {
    "message": "Unexpected server error. Check server logs for details.",
    "ref": "err_7bc7295c"
  }
}
===== ANALYST longcat 2026-09-09 18:42:18 UTC =====
[91m[1mError: [0m{
  "name": "UnknownError",
  "data": {
    "message": "Unexpected server error. Check server logs for details.",
    "ref": "err_f725d91e"
  }
}
===== ANALYST longcat 2026-09-09 21:30:13 UTC =====
[91m[1mError: [0m{
  "name": "UnknownError",
  "data": {
    "message": "Unexpected server error. Check server logs for details.",
    "ref": "err_a67a8c9e"
  }
}
===== ANALYST longcat 2026-09-09 23:32:53 UTC =====
[91m[1mError: [0m{
  "name": "UnknownError",
  "data": {
    "message": "Unexpected server error. Check server logs for details.",
    "ref": "err_c69f3863"
  }
}
===== ANALYST longcat 2026-09-10 01:29:35 UTC =====
[91m[1mError: [0m{
  "name": "UnknownError",
  "data": {
    "message": "Unexpected server error. Check server logs for details.",
    "ref": "err_8867fb66"
  }
}
===== ANALYST longcat 2026-09-10 06:43:28 UTC =====
[91m[1mError: [0m{
  "name": "UnknownError",
  "data": {
    "message": "Unexpected server error. Check server logs for details.",
    "ref": "err_2ad54e5d"
  }
}
===== ANALYST longcat 2026-09-10 11:53:52 UTC =====
[91m[1mError: [0m{
  "name": "UnknownError",
  "data": {
    "message": "Unexpected server error. Check server logs for details.",
    "ref": "err_b3429be0"
  }
}
===== ANALYST longcat 2026-09-10 15:47:53 UTC =====
[91m[1mError: [0m{
  "name": "UnknownError",
  "data": {
    "message": "Unexpected server error. Check server logs for details.",
    "ref": "err_8c214042"
  }
}
===== ANALYST longcat 2026-09-10 18:56:14 UTC =====
[91m[1mError: [0m{
  "name": "UnknownError",
  "data": {
    "message": "Unexpected server error. Check server logs for details.",
    "ref": "err_f62f850d"
  }
}
===== ANALYST longcat 2026-09-10 21:23:12 UTC =====
[91m[1mError: [0m{
  "name": "UnknownError",
  "data": {
    "message": "Unexpected server error. Check server logs for details.",
    "ref": "err_bd6deb00"
  }
}
===== ANALYST longcat 2026-09-10 23:24:34 UTC =====
[91m[1mError: [0m{
  "name": "UnknownError",
  "data": {
    "message": "Unexpected server error. Check server logs for details.",
    "ref": "err_45d2dfc7"
  }
}
===== ANALYST longcat 2026-09-11 01:28:08 UTC =====
[91m[1mError: [0m{
  "name": "UnknownError",
  "data": {
    "message": "Unexpected server error. Check server logs for details.",
    "ref": "err_3255a7c9"
  }
}
===== ANALYST longcat 2026-09-11 06:40:00 UTC =====
[91m[1mError: [0m{
  "name": "UnknownError",
  "data": {
    "message": "Unexpected server error. Check server logs for details.",
    "ref": "err_5bca6315"
  }
}
===== ANALYST longcat 2026-09-11 11:48:23 UTC =====
[91m[1mError: [0m{
  "name": "UnknownError",
  "data": {
    "message": "Unexpected server error. Check server logs for details.",
    "ref": "err_6158b74d"
  }
}
